2026-06-11 17:56:46 [INFO] com.example.userapi.UserapiApplication - Starting UserapiApplication using Java 17.0.19 with PID 156 (/Users/sonikumari/Desktop/JavaBeginerToAdvance/SpringBoot/userapi/target/classes started by sonikumari in /Users/sonikumari/Desktop/JavaBeginerToAdvance/SpringBoot/userapi)
2026-06-11 17:56:46 [DEBUG] com.example.userapi.UserapiApplication - Running with Spring Boot v3.3.5, Spring v6.1.14
2026-06-11 17:56:46 [INFO] com.example.userapi.UserapiApplication - No active profile set, falling back to 1 default profile: "default"
2026-06-11 17:56:47 [INFO] org.springframework.data.repository.config.RepositoryConfigurationDelegate - Bootstrapping Spring Data JPA repositories in DEFAULT mode.
2026-06-11 17:56:47 [INFO] org.springframework.data.repository.config.RepositoryConfigurationDelegate - Finished Spring Data repository scanning in 18 ms. Found 1 JPA repository interface.
2026-06-11 17:56:47 [INFO] org.springframework.boot.web.embedded.tomcat.TomcatWebServer - Tomcat initialized with port 8080 (http)
2026-06-11 17:56:47 [INFO] org.apache.catalina.core.StandardService - Starting service [Tomcat]
2026-06-11 17:56:47 [INFO] org.apache.catalina.core.StandardEngine - Starting Servlet engine: [Apache Tomcat/10.1.31]
2026-06-11 17:56:47 [INFO] org.apache.catalina.core.ContainerBase.[Tomcat].[localhost].[/] - Initializing Spring embedded WebApplicationContext
2026-06-11 17:56:47 [INFO] org.springframework.boot.web.servlet.context.ServletWebServerApplicationContext - Root WebApplicationContext: initialization completed in 746 ms
2026-06-11 17:56:47 [INFO] org.hibernate.jpa.internal.util.LogHelper - HHH000204: Processing PersistenceUnitInfo [name: default]
2026-06-11 17:56:47 [INFO] org.hibernate.Version - HHH000412: Hibernate ORM core version 6.5.3.Final
2026-06-11 17:56:47 [INFO] org.hibernate.cache.internal.RegionFactoryInitiator - HHH000026: Second-level cache disabled
2026-06-11 17:56:47 [INFO] org.springframework.orm.jpa.persistenceunit.SpringPersistenceUnitInfo - No LoadTimeWeaver setup: ignoring JPA class transformer
2026-06-11 17:56:47 [INFO] com.zaxxer.hikari.HikariDataSource - HikariPool-1 - Starting...
2026-06-11 17:56:47 [INFO] com.zaxxer.hikari.pool.HikariPool - HikariPool-1 - Added connection org.postgresql.jdbc.PgConnection@3ad847f8
2026-06-11 17:56:47 [INFO] com.zaxxer.hikari.HikariDataSource - HikariPool-1 - Start completed.
2026-06-11 17:56:48 [INFO] org.hibernate.engine.transaction.jta.platform.internal.JtaPlatformInitiator - HHH000489: No JTA platform available (set 'hibernate.transaction.jta.platform' to enable JTA platform integration)
2026-06-11 17:56:48 [INFO] org.springframework.orm.jpa.LocalContainerEntityManagerFactoryBean - Initialized JPA EntityManagerFactory for persistence unit 'default'
2026-06-11 17:56:48 [WARN] org.springframework.boot.autoconfigure.orm.jpa.JpaBaseConfiguration$JpaWebConfiguration - spring.jpa.open-in-view is enabled by default. Therefore, database queries may be performed during view rendering. Explicitly configure spring.jpa.open-in-view to disable this warning
2026-06-11 17:56:48 [WARN] org.springframework.boot.autoconfigure.security.servlet.UserDetailsServiceAutoConfiguration - 

Using generated security password: 8310cf33-3cea-4ea3-bbc2-00b09b157c03

This generated password is for development use only. Your security configuration must be updated before running your application in production.

2026-06-11 17:56:48 [INFO] org.springframework.security.config.annotation.authentication.configuration.InitializeUserDetailsBeanManagerConfigurer$InitializeUserDetailsManagerConfigurer - Global AuthenticationManager configured with UserDetailsService bean with name inMemoryUserDetailsManager
2026-06-11 17:56:48 [INFO] org.springframework.boot.web.embedded.tomcat.TomcatWebServer - Tomcat started on port 8080 (http) with context path '/'
2026-06-11 17:56:48 [INFO] com.example.userapi.UserapiApplication - Started UserapiApplication in 2.532 seconds (process running for 2.748)
2026-06-11 17:56:53 [INFO] org.apache.catalina.core.ContainerBase.[Tomcat].[localhost].[/] - Initializing Spring DispatcherServlet 'dispatcherServlet'
2026-06-11 17:56:53 [INFO] org.springframework.web.servlet.DispatcherServlet - Initializing Servlet 'dispatcherServlet'
2026-06-11 17:56:53 [INFO] org.springframework.web.servlet.DispatcherServlet - Completed initialization in 7 ms
2026-06-11 18:13:40 [WARN] com.zaxxer.hikari.pool.HikariPool - HikariPool-1 - Thread starvation or clock leap detected (housekeeper delta=16m22s623ms).
2026-06-11 18:26:41 [WARN] com.zaxxer.hikari.pool.HikariPool - HikariPool-1 - Thread starvation or clock leap detected (housekeeper delta=12m546ms).
2026-06-11 19:18:51 [WARN] com.zaxxer.hikari.pool.HikariPool - HikariPool-1 - Thread starvation or clock leap detected (housekeeper delta=52m10s527ms).
2026-06-11 19:58:32 [WARN] com.zaxxer.hikari.pool.HikariPool - HikariPool-1 - Thread starvation or clock leap detected (housekeeper delta=39m40s314ms).
2026-06-11 20:07:23 [WARN] com.zaxxer.hikari.pool.HikariPool - HikariPool-1 - Thread starvation or clock leap detected (housekeeper delta=8m51s667ms).
2026-06-11 20:27:39 [WARN] com.zaxxer.hikari.pool.HikariPool - HikariPool-1 - Thread starvation or clock leap detected (housekeeper delta=15m45s696ms).
2026-06-11 20:29:07 [WARN] com.zaxxer.hikari.pool.HikariPool - HikariPool-1 - Thread starvation or clock leap detected (housekeeper delta=57s954ms).
2026-06-11 20:53:27 [INFO] org.springframework.orm.jpa.LocalContainerEntityManagerFactoryBean - Closing JPA EntityManagerFactory for persistence unit 'default'
2026-06-11 20:53:27 [INFO] com.zaxxer.hikari.HikariDataSource - HikariPool-1 - Shutdown initiated...
2026-06-11 20:53:27 [INFO] com.zaxxer.hikari.HikariDataSource - HikariPool-1 - Shutdown completed.
2026-06-11 20:53:32 [INFO] com.example.userapi.UserapiApplication - Starting UserapiApplication using Java 17.0.19 with PID 1429 (/Users/sonikumari/Desktop/JavaBeginerToAdvance/SpringBoot/userapi/target/classes started by sonikumari in /Users/sonikumari/Desktop/JavaBeginerToAdvance/SpringBoot/userapi)
2026-06-11 20:53:32 [DEBUG] com.example.userapi.UserapiApplication - Running with Spring Boot v3.3.5, Spring v6.1.14
2026-06-11 20:53:32 [INFO] com.example.userapi.UserapiApplication - No active profile set, falling back to 1 default profile: "default"
2026-06-11 20:53:33 [INFO] org.springframework.data.repository.config.RepositoryConfigurationDelegate - Bootstrapping Spring Data JPA repositories in DEFAULT mode.
2026-06-11 20:53:33 [INFO] org.springframework.data.repository.config.RepositoryConfigurationDelegate - Finished Spring Data repository scanning in 22 ms. Found 1 JPA repository interface.
2026-06-11 20:53:33 [INFO] org.springframework.boot.web.embedded.tomcat.TomcatWebServer - Tomcat initialized with port 8080 (http)
2026-06-11 20:53:33 [INFO] org.apache.catalina.core.StandardService - Starting service [Tomcat]
2026-06-11 20:53:33 [INFO] org.apache.catalina.core.StandardEngine - Starting Servlet engine: [Apache Tomcat/10.1.31]
2026-06-11 20:53:33 [INFO] org.apache.catalina.core.ContainerBase.[Tomcat].[localhost].[/] - Initializing Spring embedded WebApplicationContext
2026-06-11 20:53:33 [INFO] org.springframework.boot.web.servlet.context.ServletWebServerApplicationContext - Root WebApplicationContext: initialization completed in 791 ms
2026-06-11 20:53:33 [INFO] org.hibernate.jpa.internal.util.LogHelper - HHH000204: Processing PersistenceUnitInfo [name: default]
2026-06-11 20:53:33 [INFO] org.hibernate.Version - HHH000412: Hibernate ORM core version 6.5.3.Final
2026-06-11 20:53:33 [INFO] org.hibernate.cache.internal.RegionFactoryInitiator - HHH000026: Second-level cache disabled
2026-06-11 20:53:33 [INFO] org.springframework.orm.jpa.persistenceunit.SpringPersistenceUnitInfo - No LoadTimeWeaver setup: ignoring JPA class transformer
2026-06-11 20:53:33 [INFO] com.zaxxer.hikari.HikariDataSource - HikariPool-1 - Starting...
2026-06-11 20:53:33 [INFO] com.zaxxer.hikari.pool.HikariPool - HikariPool-1 - Added connection org.postgresql.jdbc.PgConnection@395a573c
2026-06-11 20:53:33 [INFO] com.zaxxer.hikari.HikariDataSource - HikariPool-1 - Start completed.
2026-06-11 20:53:34 [INFO] org.hibernate.engine.transaction.jta.platform.internal.JtaPlatformInitiator - HHH000489: No JTA platform available (set 'hibernate.transaction.jta.platform' to enable JTA platform integration)
2026-06-11 20:53:34 [INFO] org.springframework.orm.jpa.LocalContainerEntityManagerFactoryBean - Initialized JPA EntityManagerFactory for persistence unit 'default'
2026-06-11 20:53:34 [WARN] org.springframework.boot.autoconfigure.orm.jpa.JpaBaseConfiguration$JpaWebConfiguration - spring.jpa.open-in-view is enabled by default. Therefore, database queries may be performed during view rendering. Explicitly configure spring.jpa.open-in-view to disable this warning
2026-06-11 20:53:34 [WARN] org.springframework.boot.autoconfigure.security.servlet.UserDetailsServiceAutoConfiguration - 

Using generated security password: 91208fe3-348b-446a-a304-1a554abcccf3

This generated password is for development use only. Your security configuration must be updated before running your application in production.

2026-06-11 20:53:34 [INFO] org.springframework.security.config.annotation.authentication.configuration.InitializeUserDetailsBeanManagerConfigurer$InitializeUserDetailsManagerConfigurer - Global AuthenticationManager configured with UserDetailsService bean with name inMemoryUserDetailsManager
2026-06-11 20:53:34 [INFO] org.springframework.boot.web.embedded.tomcat.TomcatWebServer - Tomcat started on port 8080 (http) with context path '/'
2026-06-11 20:53:34 [INFO] com.example.userapi.UserapiApplication - Started UserapiApplication in 2.472 seconds (process running for 2.758)
2026-06-11 21:02:14 [WARN] com.zaxxer.hikari.pool.HikariPool - HikariPool-1 - Thread starvation or clock leap detected (housekeeper delta=2m10s527ms).
2026-06-11 21:27:00 [WARN] com.zaxxer.hikari.pool.HikariPool - HikariPool-1 - Thread starvation or clock leap detected (housekeeper delta=22m46s69ms).
2026-06-11 22:00:48 [WARN] com.zaxxer.hikari.pool.HikariPool - HikariPool-1 - Thread starvation or clock leap detected (housekeeper delta=33m47s360ms).
2026-06-11 22:20:57 [WARN] com.zaxxer.hikari.pool.HikariPool - HikariPool-1 - Thread starvation or clock leap detected (housekeeper delta=20m8s816ms).
2026-06-11 22:29:08 [INFO] org.springframework.orm.jpa.LocalContainerEntityManagerFactoryBean - Closing JPA EntityManagerFactory for persistence unit 'default'
2026-06-11 22:29:08 [INFO] com.zaxxer.hikari.HikariDataSource - HikariPool-1 - Shutdown initiated...
2026-06-11 22:29:08 [INFO] com.zaxxer.hikari.HikariDataSource - HikariPool-1 - Shutdown completed.
2026-06-11 22:29:14 [INFO] com.example.userapi.UserapiApplication - Starting UserapiApplication using Java 17.0.19 with PID 1964 (/Users/sonikumari/Desktop/JavaBeginerToAdvance/SpringBoot/userapi/target/classes started by sonikumari in /Users/sonikumari/Desktop/JavaBeginerToAdvance/SpringBoot/userapi)
2026-06-11 22:29:14 [DEBUG] com.example.userapi.UserapiApplication - Running with Spring Boot v3.3.5, Spring v6.1.14
2026-06-11 22:29:14 [INFO] com.example.userapi.UserapiApplication - No active profile set, falling back to 1 default profile: "default"
2026-06-11 22:29:14 [INFO] org.springframework.data.repository.config.RepositoryConfigurationDelegate - Bootstrapping Spring Data JPA repositories in DEFAULT mode.
2026-06-11 22:29:14 [INFO] org.springframework.data.repository.config.RepositoryConfigurationDelegate - Finished Spring Data repository scanning in 19 ms. Found 1 JPA repository interface.
2026-06-11 22:29:15 [INFO] org.springframework.boot.web.embedded.tomcat.TomcatWebServer - Tomcat initialized with port 8080 (http)
2026-06-11 22:29:15 [INFO] org.apache.catalina.core.StandardService - Starting service [Tomcat]
2026-06-11 22:29:15 [INFO] org.apache.catalina.core.StandardEngine - Starting Servlet engine: [Apache Tomcat/10.1.31]
2026-06-11 22:29:15 [INFO] org.apache.catalina.core.ContainerBase.[Tomcat].[localhost].[/] - Initializing Spring embedded WebApplicationContext
2026-06-11 22:29:15 [INFO] org.springframework.boot.web.servlet.context.ServletWebServerApplicationContext - Root WebApplicationContext: initialization completed in 719 ms
2026-06-11 22:29:15 [INFO] org.hibernate.jpa.internal.util.LogHelper - HHH000204: Processing PersistenceUnitInfo [name: default]
2026-06-11 22:29:15 [INFO] org.hibernate.Version - HHH000412: Hibernate ORM core version 6.5.3.Final
2026-06-11 22:29:15 [INFO] org.hibernate.cache.internal.RegionFactoryInitiator - HHH000026: Second-level cache disabled
2026-06-11 22:29:15 [INFO] org.springframework.orm.jpa.persistenceunit.SpringPersistenceUnitInfo - No LoadTimeWeaver setup: ignoring JPA class transformer
2026-06-11 22:29:15 [INFO] com.zaxxer.hikari.HikariDataSource - HikariPool-1 - Starting...
2026-06-11 22:29:15 [INFO] com.zaxxer.hikari.pool.HikariPool - HikariPool-1 - Added connection org.postgresql.jdbc.PgConnection@5817f1ca
2026-06-11 22:29:15 [INFO] com.zaxxer.hikari.HikariDataSource - HikariPool-1 - Start completed.
2026-06-11 22:29:15 [INFO] org.hibernate.engine.transaction.jta.platform.internal.JtaPlatformInitiator - HHH000489: No JTA platform available (set 'hibernate.transaction.jta.platform' to enable JTA platform integration)
2026-06-11 22:29:15 [INFO] org.springframework.orm.jpa.LocalContainerEntityManagerFactoryBean - Initialized JPA EntityManagerFactory for persistence unit 'default'
2026-06-11 22:29:16 [WARN] org.springframework.boot.autoconfigure.orm.jpa.JpaBaseConfiguration$JpaWebConfiguration - spring.jpa.open-in-view is enabled by default. Therefore, database queries may be performed during view rendering. Explicitly configure spring.jpa.open-in-view to disable this warning
2026-06-11 22:29:16 [WARN] org.springframework.boot.autoconfigure.security.servlet.UserDetailsServiceAutoConfiguration - 

Using generated security password: e37bab94-40dc-4180-a233-2e3994131234

This generated password is for development use only. Your security configuration must be updated before running your application in production.

2026-06-11 22:29:16 [INFO] org.springframework.security.config.annotation.authentication.configuration.InitializeUserDetailsBeanManagerConfigurer$InitializeUserDetailsManagerConfigurer - Global AuthenticationManager configured with UserDetailsService bean with name inMemoryUserDetailsManager
2026-06-11 22:29:16 [INFO] org.springframework.boot.web.embedded.tomcat.TomcatWebServer - Tomcat started on port 8080 (http) with context path '/'
2026-06-11 22:29:16 [INFO] com.example.userapi.UserapiApplication - Started UserapiApplication in 2.238 seconds (process running for 2.521)
2026-06-11 22:39:31 [INFO] org.springframework.orm.jpa.LocalContainerEntityManagerFactoryBean - Closing JPA EntityManagerFactory for persistence unit 'default'
2026-06-11 22:39:31 [INFO] com.zaxxer.hikari.HikariDataSource - HikariPool-1 - Shutdown initiated...
2026-06-11 22:39:31 [INFO] com.zaxxer.hikari.HikariDataSource - HikariPool-1 - Shutdown completed.
2026-06-11 22:43:52 [INFO] com.example.userapi.UserapiApplication - Starting UserapiApplication using Java 17.0.19 with PID 2343 (/Users/sonikumari/Desktop/JavaBeginerToAdvance/SpringBoot/userapi/target/classes started by sonikumari in /Users/sonikumari/Desktop/JavaBeginerToAdvance/SpringBoot/userapi)
2026-06-11 22:43:52 [DEBUG] com.example.userapi.UserapiApplication - Running with Spring Boot v3.3.5, Spring v6.1.14
2026-06-11 22:43:52 [INFO] com.example.userapi.UserapiApplication - No active profile set, falling back to 1 default profile: "default"
2026-06-11 22:43:52 [INFO] org.springframework.data.repository.config.RepositoryConfigurationDelegate - Bootstrapping Spring Data JPA repositories in DEFAULT mode.
2026-06-11 22:43:52 [INFO] org.springframework.data.repository.config.RepositoryConfigurationDelegate - Finished Spring Data repository scanning in 19 ms. Found 1 JPA repository interface.
2026-06-11 22:43:53 [INFO] org.springframework.boot.web.embedded.tomcat.TomcatWebServer - Tomcat initialized with port 8080 (http)
2026-06-11 22:43:53 [INFO] org.apache.catalina.core.StandardService - Starting service [Tomcat]
2026-06-11 22:43:53 [INFO] org.apache.catalina.core.StandardEngine - Starting Servlet engine: [Apache Tomcat/10.1.31]
2026-06-11 22:43:53 [INFO] org.apache.catalina.core.ContainerBase.[Tomcat].[localhost].[/] - Initializing Spring embedded WebApplicationContext
2026-06-11 22:43:53 [INFO] org.springframework.boot.web.servlet.context.ServletWebServerApplicationContext - Root WebApplicationContext: initialization completed in 690 ms
2026-06-11 22:43:53 [INFO] org.hibernate.jpa.internal.util.LogHelper - HHH000204: Processing PersistenceUnitInfo [name: default]
2026-06-11 22:43:53 [INFO] org.hibernate.Version - HHH000412: Hibernate ORM core version 6.5.3.Final
2026-06-11 22:43:53 [INFO] org.hibernate.cache.internal.RegionFactoryInitiator - HHH000026: Second-level cache disabled
2026-06-11 22:43:53 [INFO] org.springframework.orm.jpa.persistenceunit.SpringPersistenceUnitInfo - No LoadTimeWeaver setup: ignoring JPA class transformer
2026-06-11 22:43:53 [INFO] com.zaxxer.hikari.HikariDataSource - HikariPool-1 - Starting...
2026-06-11 22:43:53 [INFO] com.zaxxer.hikari.pool.HikariPool - HikariPool-1 - Added connection org.postgresql.jdbc.PgConnection@395a573c
2026-06-11 22:43:53 [INFO] com.zaxxer.hikari.HikariDataSource - HikariPool-1 - Start completed.
2026-06-11 22:43:54 [INFO] org.hibernate.engine.transaction.jta.platform.internal.JtaPlatformInitiator - HHH000489: No JTA platform available (set 'hibernate.transaction.jta.platform' to enable JTA platform integration)
2026-06-11 22:43:54 [INFO] org.springframework.orm.jpa.LocalContainerEntityManagerFactoryBean - Initialized JPA EntityManagerFactory for persistence unit 'default'
2026-06-11 22:43:54 [WARN] org.springframework.boot.autoconfigure.orm.jpa.JpaBaseConfiguration$JpaWebConfiguration - spring.jpa.open-in-view is enabled by default. Therefore, database queries may be performed during view rendering. Explicitly configure spring.jpa.open-in-view to disable this warning
2026-06-11 22:43:54 [WARN] org.springframework.boot.autoconfigure.security.servlet.UserDetailsServiceAutoConfiguration - 

Using generated security password: a6720410-b54c-462e-a207-71898f6f71d2

This generated password is for development use only. Your security configuration must be updated before running your application in production.

2026-06-11 22:43:54 [INFO] org.springframework.security.config.annotation.authentication.configuration.InitializeUserDetailsBeanManagerConfigurer$InitializeUserDetailsManagerConfigurer - Global AuthenticationManager configured with UserDetailsService bean with name inMemoryUserDetailsManager
2026-06-11 22:43:54 [INFO] org.springframework.boot.web.embedded.tomcat.TomcatWebServer - Tomcat started on port 8080 (http) with context path '/'
2026-06-11 22:43:54 [INFO] com.example.userapi.UserapiApplication - Started UserapiApplication in 2.272 seconds (process running for 2.549)
2026-06-11 22:44:55 [INFO] org.springframework.orm.jpa.LocalContainerEntityManagerFactoryBean - Closing JPA EntityManagerFactory for persistence unit 'default'
2026-06-11 22:44:55 [INFO] com.zaxxer.hikari.HikariDataSource - HikariPool-1 - Shutdown initiated...
2026-06-11 22:44:55 [INFO] com.zaxxer.hikari.HikariDataSource - HikariPool-1 - Shutdown completed.
